app/(tabs)/tutorials.tsx(84,48): error TS2304: Cannot find name 'router'.
app/(tabs)/tutorials.tsx(92,42): error TS2304: Cannot find name 'Eye'.
app/(tabs)/tutorials.tsx(107,42): error TS2552: Cannot find name 'Clock'. Did you mean 'Lock'?
app/ai-assistant/homework.tsx(17,34): error TS2304: Cannot find name 'ImagePicker'.
app/ai-assistant/homework.tsx(35,38): error TS2304: Cannot find name 'ImagePicker'.
app/ai-assistant/homework.tsx(41,34): error TS2304: Cannot find name 'ImagePicker'.
app/ai-assistant/index.tsx(98,42): error TS2339: Property 'EncodingType' does not exist on type 'typeof import("C:/xampp/htdocs/app/KIU EXPLORER/frontend/node_modules/expo-file-system/build/index")'.
app/assignments/[id]/submit.tsx(60,33): error TS2345: Argument of type 'DocumentPickerAsset' is not assignable to parameter of type 'SetStateAction<null>'.
  Type 'DocumentPickerAsset' provides no match for the signature '(prevState: null): null'.
app/assignments/[id]/submit.tsx(83,39): error TS2339: Property 'uri' does not exist on type 'never'.
app/assignments/[id]/submit.tsx(84,40): error TS2339: Property 'name' does not exist on type 'never'.
app/assignments/[id]/submit.tsx(85,40): error TS2339: Property 'mimeType' does not exist on type 'never'.
app/assignments/[id]/submit.tsx(140,87): error TS2339: Property 'title' does not exist on type 'never'.
app/assignments/[id]/submit.tsx(182,59): error TS2339: Property 'name' does not exist on type 'never'.
app/assignments/[id]/submit.tsx(185,60): error TS2339: Property 'size' does not exist on type 'never'.
app/exams/[id]/take.tsx(62,9): error TS2322: Type 'number' is not assignable to type 'Timeout'.
app/exams/[id]/take.tsx(98,13): error TS2552: Cannot find name 'currentQuestionIndex'. Did you mean 'currentQuestion'?
app/exams/[id]/take.tsx(99,13): error TS2304: Cannot find name 'setCurrentQuestionIndex'.
app/exams/[id]/take.tsx(99,37): error TS2552: Cannot find name 'currentQuestionIndex'. Did you mean 'currentQuestion'?
app/exams/[id]/take.tsx(104,13): error TS2304: Cannot find name 'currentQuestionIndex'.
app/exams/[id]/take.tsx(105,13): error TS2304: Cannot find name 'setCurrentQuestionIndex'.
app/exams/[id]/take.tsx(105,37): error TS2304: Cannot find name 'currentQuestionIndex'.
app/exams/[id]/take.tsx(160,39): error TS2552: Cannot find name 'currentQuestionIndex'. Did you mean 'currentQuestion'?
app/exams/[id]/take.tsx(222,26): error TS2367: This comparison appears to be unintentional because the types '"objective" | "theory" | "fill_in_blank" | "true_false"' and '"mcq"' have no overlap.
app/exams/[id]/take.tsx(227,95): error TS2345: Argument of type '{ id: number; option_text: string; }' is not assignable to parameter of type 'string'.
app/exams/[id]/take.tsx(250,49): error TS2769: No overload matches this call.
  Overload 1 of 2, '(props: TextProps): Text', gave the following error.
    Type '{ id: number; option_text: string; }' is not assignable to type 'ReactNode'.
  Overload 2 of 2, '(props: TextProps, context: any): Text', gave the following error.
    Type '{ id: number; option_text: string; }' is not assignable to type 'ReactNode'.
app/exams/[id]/take.tsx(279,35): error TS2304: Cannot find name 'currentQuestionIndex'.
app/exams/[id]/take.tsx(280,83): error TS2304: Cannot find name 'currentQuestionIndex'.
app/exams/[id]/take.tsx(283,55): error TS2304: Cannot find name 'currentQuestionIndex'.
app/exams/[id]/take.tsx(285,62): error TS2304: Cannot find name 'currentQuestionIndex'.
app/exams/[id]/take.tsx(299,22): error TS2304: Cannot find name 'currentQuestionIndex'.
app/exams/[id]/take.tsx(336,45): error TS2304: Cannot find name 'setCurrentQuestionIndex'.
app/exams/[id]/take.tsx(341,57): error TS2304: Cannot find name 'currentQuestionIndex'.
app/exams/[id]/take.tsx(347,96): error TS2304: Cannot find name 'currentQuestionIndex'.
app/exams/[id]/take.tsx(408,33): error TS2322: Type '(isAuto?: boolean) => Promise<void>' is not assignable to type '(event: GestureResponderEvent) => void'.
  Types of parameters 'isAuto' and 'event' are incompatible.
    Type 'GestureResponderEvent' is not assignable to type 'boolean | undefined'.
app/lecturer/virtual-classes/index.tsx(178,56): error TS2345: Argument of type '`/lecturer/virtual-classes/${number}`' is not assignable to parameter of type '"/" | RelativePathString | ExternalPathString | "/modal" | `/modal?${string}` | `/modal#${string}` | "/settings" | `/settings?${string}` | `/settings#${string}` | "/support" | `/support?${string}` | ... 413 more ... | { ...; }'.
app/quizzes/id.tsx(128,26): error TS2304: Cannot find name 'Zap'.
app/quizzes/index.tsx(104,60): error TS2345: Argument of type '`/quizzes/${number}`' is not assignable to parameter of type '"/" | RelativePathString | ExternalPathString | "/modal" | `/modal?${string}` | `/modal#${string}` | "/settings" | `/settings?${string}` | `/settings#${string}` | "/support" | `/support?${string}` | ... 413 more ... | { ...; }'.
components/shared/PremiumCard.tsx(6,11): error TS2430: Interface 'PremiumCardProps' incorrectly extends interface 'ViewProps'.
  Types of property 'className' are incompatible.
    Type 'ClassValue' is not assignable to type 'string | undefined'.
      Type 'null' is not assignable to type 'string | undefined'.
components/shared/PremiumCard.tsx(35,10): error TS2769: No overload matches this call.
  Overload 1 of 2, '(props: ViewProps & TouchableOpacityProps & RefAttributes<View>): string | number | bigint | boolean | ReactElement<unknown, string | JSXElementConstructor<...>> | ... 4 more ... | undefined', gave the following error.
    Type '{ children: (ReactNode | Element)[]; hitSlop?: number | Insets | null | undefined; id?: string | undefined; needsOffscreenAlphaCompositing?: boolean | undefined; ... 89 more ...; className: string; }' is not assignable to type 'TouchableOpacityProps'.
      Types of property 'onBlur' are incompatible.
        Type '((e: BlurEvent) => void) | null | undefined' is not assignable to type '((e: NativeSyntheticEvent<TargetedEvent>) => void) | undefined'.
          Type 'null' is not assignable to type '((e: NativeSyntheticEvent<TargetedEvent>) => void) | undefined'.
  Overload 2 of 2, '(props: ViewProps & TouchableOpacityProps & RefAttributes<View>, context: any): string | number | bigint | boolean | ... 5 more ... | undefined', gave the following error.
    Type '{ children: (ReactNode | Element)[]; hitSlop?: number | Insets | null | undefined; id?: string | undefined; needsOffscreenAlphaCompositing?: boolean | undefined; ... 89 more ...; className: string; }' is not assignable to type 'TouchableOpacityProps'.
      Types of property 'onBlur' are incompatible.
        Type '((e: BlurEvent) => void) | null | undefined' is not assignable to type '((e: NativeSyntheticEvent<TargetedEvent>) => void) | undefined'.
          Type 'null' is not assignable to type '((e: NativeSyntheticEvent<TargetedEvent>) => void) | undefined'.
